------------------------------------------------------------
TimeQuest Timing Analyzer Summary
------------------------------------------------------------

Type  : Slow 1200mV 85C Model Setup 'clk'
Slack : -7.139
TNS   : -210.243

Type  : Slow 1200mV 85C Model Setup 'KEY_R[0]'
Slack : -0.670
TNS   : -1.905

Type  : Slow 1200mV 85C Model Hold 'KEY_R[0]'
Slack : -1.752
TNS   : -5.210

Type  : Slow 1200mV 85C Model Hold 'clk'
Slack : 0.433
TNS   : 0.000

Type  : Slow 1200mV 85C Model Minimum Pulse Width 'clk'
Slack : -3.000
TNS   : -65.454

Type  : Slow 1200mV 85C Model Minimum Pulse Width 'KEY_R[0]'
Slack : -3.000
TNS   : -3.000

Type  : Slow 1200mV 0C Model Setup 'clk'
Slack : -6.485
TNS   : -191.765

Type  : Slow 1200mV 0C Model Setup 'KEY_R[0]'
Slack : -0.775
TNS   : -2.492

Type  : Slow 1200mV 0C Model Hold 'KEY_R[0]'
Slack : -1.589
TNS   : -4.511

Type  : Slow 1200mV 0C Model Hold 'clk'
Slack : 0.383
TNS   : 0.000

Type  : Slow 1200mV 0C Model Minimum Pulse Width 'clk'
Slack : -3.000
TNS   : -65.454

Type  : Slow 1200mV 0C Model Minimum Pulse Width 'KEY_R[0]'
Slack : -3.000
TNS   : -3.173

Type  : Fast 1200mV 0C Model Setup 'clk'
Slack : -2.551
TNS   : -71.632

Type  : Fast 1200mV 0C Model Setup 'KEY_R[0]'
Slack : 0.456
TNS   : 0.000

Type  : Fast 1200mV 0C Model Hold 'KEY_R[0]'
Slack : -1.136
TNS   : -4.137

Type  : Fast 1200mV 0C Model Hold 'clk'
Slack : 0.178
TNS   : 0.000

Type  : Fast 1200mV 0C Model Minimum Pulse Width 'clk'
Slack : -3.000
TNS   : -47.368

Type  : Fast 1200mV 0C Model Minimum Pulse Width 'KEY_R[0]'
Slack : -3.000
TNS   : -5.786

------------------------------------------------------------
