------------------------------------------------------------
TimeQuest Timing Analyzer Summary
------------------------------------------------------------

Type  : Slow 1200mV 85C Model Setup 'clk'
Slack : -6.829
TNS   : -363.213

Type  : Slow 1200mV 85C Model Setup 'KEY_R[0]'
Slack : -2.047
TNS   : -6.731

Type  : Slow 1200mV 85C Model Hold 'KEY_R[0]'
Slack : -1.543
TNS   : -5.795

Type  : Slow 1200mV 85C Model Hold 'clk'
Slack : 0.452
TNS   : 0.000

Type  : Slow 1200mV 85C Model Minimum Pulse Width 'clk'
Slack : -3.000
TNS   : -114.525

Type  : Slow 1200mV 85C Model Minimum Pulse Width 'KEY_R[0]'
Slack : -3.000
TNS   : -3.000

Type  : Slow 1200mV 0C Model Setup 'clk'
Slack : -6.181
TNS   : -332.758

Type  : Slow 1200mV 0C Model Setup 'KEY_R[0]'
Slack : -1.964
TNS   : -6.659

Type  : Slow 1200mV 0C Model Hold 'KEY_R[0]'
Slack : -1.365
TNS   : -5.111

Type  : Slow 1200mV 0C Model Hold 'clk'
Slack : 0.400
TNS   : 0.000

Type  : Slow 1200mV 0C Model Minimum Pulse Width 'clk'
Slack : -3.000
TNS   : -114.525

Type  : Slow 1200mV 0C Model Minimum Pulse Width 'KEY_R[0]'
Slack : -3.000
TNS   : -4.514

Type  : Fast 1200mV 0C Model Setup 'clk'
Slack : -2.360
TNS   : -116.648

Type  : Fast 1200mV 0C Model Setup 'KEY_R[0]'
Slack : -0.126
TNS   : -0.126

Type  : Fast 1200mV 0C Model Hold 'KEY_R[0]'
Slack : -0.977
TNS   : -3.616

Type  : Fast 1200mV 0C Model Hold 'clk'
Slack : 0.113
TNS   : 0.000

Type  : Fast 1200mV 0C Model Minimum Pulse Width 'clk'
Slack : -3.000
TNS   : -82.020

Type  : Fast 1200mV 0C Model Minimum Pulse Width 'KEY_R[0]'
Slack : -3.000
TNS   : -3.546

------------------------------------------------------------
